// Jest Snapshot v1, https://goo.gl/fbAQLP

exports[`ShopPage component matches snapshot 1`] = `
<div
  id="shop-page"
>
  <div
    id="shopping-grid"
  >
    <div
      className="product-card"
    >
      <img
        alt=""
        src="toaster-1.jpg"
      />
      <div
        className="product-card-infobar"
      >
        <p
          className="product-card-name"
        >
          Toast Master 5000
        </p>
        <p
          className="product-card-cost"
        >
          $125.99
        </p>
        <div
          className="product-card-count"
        >
          <svg
            height={20}
            width={20}
          >
            <a
              data-testid="product-card-decrement-1"
              onClick={[Function]}
            >
              <polygon
                className="decrement-btn"
                points="3,10 20,0 20,20"
              />
            </a>
          </svg>
          <input
            data-testid="product-card-input-1"
            maxLength={3}
            onChange={[Function]}
            onKeyDown={[Function]}
            type="number"
            value={0}
          />
          <svg
            height={20}
            width={20}
          >
            <a
              data-testid="product-card-increment-1"
              onClick={[Function]}
            >
              <polygon
                className="increment-btn"
                points="17,10 0,20 0,0"
              />
            </a>
          </svg>
        </div>
      </div>
    </div>
    <div
      className="product-card"
    >
      <img
        alt=""
        src="toaster-2.jpg"
      />
      <div
        className="product-card-infobar"
      >
        <p
          className="product-card-name"
        >
          Toastie Classic
        </p>
        <p
          className="product-card-cost"
        >
          $35.99
        </p>
        <div
          className="product-card-count"
        >
          <svg
            height={20}
            width={20}
          >
            <a
              data-testid="product-card-decrement-2"
              onClick={[Function]}
            >
              <polygon
                className="decrement-btn"
                points="3,10 20,0 20,20"
              />
            </a>
          </svg>
          <input
            data-testid="product-card-input-2"
            maxLength={3}
            onChange={[Function]}
            onKeyDown={[Function]}
            type="number"
            value={0}
          />
          <svg
            height={20}
            width={20}
          >
            <a
              data-testid="product-card-increment-2"
              onClick={[Function]}
            >
              <polygon
                className="increment-btn"
                points="17,10 0,20 0,0"
              />
            </a>
          </svg>
        </div>
      </div>
    </div>
    <div
      className="product-card"
    >
      <img
        alt=""
        src="toaster-3.jpg"
      />
      <div
        className="product-card-infobar"
      >
        <p
          className="product-card-name"
        >
          Toastie Classic 2
        </p>
        <p
          className="product-card-cost"
        >
          $40.00
        </p>
        <div
          className="product-card-count"
        >
          <svg
            height={20}
            width={20}
          >
            <a
              data-testid="product-card-decrement-3"
              onClick={[Function]}
            >
              <polygon
                className="decrement-btn"
                points="3,10 20,0 20,20"
              />
            </a>
          </svg>
          <input
            data-testid="product-card-input-3"
            maxLength={3}
            onChange={[Function]}
            onKeyDown={[Function]}
            type="number"
            value={0}
          />
          <svg
            height={20}
            width={20}
          >
            <a
              data-testid="product-card-increment-3"
              onClick={[Function]}
            >
              <polygon
                className="increment-btn"
                points="17,10 0,20 0,0"
              />
            </a>
          </svg>
        </div>
      </div>
    </div>
    <div
      className="product-card"
    >
      <img
        alt=""
        src="toaster-4.jpg"
      />
      <div
        className="product-card-infobar"
      >
        <p
          className="product-card-name"
        >
          Toast Box
        </p>
        <p
          className="product-card-cost"
        >
          $50.00
        </p>
        <div
          className="product-card-count"
        >
          <svg
            height={20}
            width={20}
          >
            <a
              data-testid="product-card-decrement-4"
              onClick={[Function]}
            >
              <polygon
                className="decrement-btn"
                points="3,10 20,0 20,20"
              />
            </a>
          </svg>
          <input
            data-testid="product-card-input-4"
            maxLength={3}
            onChange={[Function]}
            onKeyDown={[Function]}
            type="number"
            value={0}
          />
          <svg
            height={20}
            width={20}
          >
            <a
              data-testid="product-card-increment-4"
              onClick={[Function]}
            >
              <polygon
                className="increment-btn"
                points="17,10 0,20 0,0"
              />
            </a>
          </svg>
        </div>
      </div>
    </div>
    <div
      className="product-card"
    >
      <img
        alt=""
        src="toaster-5.jpg"
      />
      <div
        className="product-card-infobar"
      >
        <p
          className="product-card-name"
        >
          Toast Box Supreme
        </p>
        <p
          className="product-card-cost"
        >
          $70.00
        </p>
        <div
          className="product-card-count"
        >
          <svg
            height={20}
            width={20}
          >
            <a
              data-testid="product-card-decrement-5"
              onClick={[Function]}
            >
              <polygon
                className="decrement-btn"
                points="3,10 20,0 20,20"
              />
            </a>
          </svg>
          <input
            data-testid="product-card-input-5"
            maxLength={3}
            onChange={[Function]}
            onKeyDown={[Function]}
            type="number"
            value={0}
          />
          <svg
            height={20}
            width={20}
          >
            <a
              data-testid="product-card-increment-5"
              onClick={[Function]}
            >
              <polygon
                className="increment-btn"
                points="17,10 0,20 0,0"
              />
            </a>
          </svg>
        </div>
      </div>
    </div>
    <div
      className="product-card"
    >
      <img
        alt=""
        src="toaster-6.jpg"
      />
      <div
        className="product-card-infobar"
      >
        <p
          className="product-card-name"
        >
          Toast Box Lite
        </p>
        <p
          className="product-card-cost"
        >
          $35.99
        </p>
        <div
          className="product-card-count"
        >
          <svg
            height={20}
            width={20}
          >
            <a
              data-testid="product-card-decrement-6"
              onClick={[Function]}
            >
              <polygon
                className="decrement-btn"
                points="3,10 20,0 20,20"
              />
            </a>
          </svg>
          <input
            data-testid="product-card-input-6"
            maxLength={3}
            onChange={[Function]}
            onKeyDown={[Function]}
            type="number"
            value={0}
          />
          <svg
            height={20}
            width={20}
          >
            <a
              data-testid="product-card-increment-6"
              onClick={[Function]}
            >
              <polygon
                className="increment-btn"
                points="17,10 0,20 0,0"
              />
            </a>
          </svg>
        </div>
      </div>
    </div>
    <div
      className="product-card"
    >
      <img
        alt=""
        src="toaster-7.jpg"
      />
      <div
        className="product-card-infobar"
      >
        <p
          className="product-card-name"
        >
          Industrial Toaster
        </p>
        <p
          className="product-card-cost"
        >
          $200.00
        </p>
        <div
          className="product-card-count"
        >
          <svg
            height={20}
            width={20}
          >
            <a
              data-testid="product-card-decrement-7"
              onClick={[Function]}
            >
              <polygon
                className="decrement-btn"
                points="3,10 20,0 20,20"
              />
            </a>
          </svg>
          <input
            data-testid="product-card-input-7"
            maxLength={3}
            onChange={[Function]}
            onKeyDown={[Function]}
            type="number"
            value={0}
          />
          <svg
            height={20}
            width={20}
          >
            <a
              data-testid="product-card-increment-7"
              onClick={[Function]}
            >
              <polygon
                className="increment-btn"
                points="17,10 0,20 0,0"
              />
            </a>
          </svg>
        </div>
      </div>
    </div>
    <div
      className="product-card"
    >
      <img
        alt=""
        src="toaster-8.jpg"
      />
      <div
        className="product-card-infobar"
      >
        <p
          className="product-card-name"
        >
          The Original
        </p>
        <p
          className="product-card-cost"
        >
          $40.00
        </p>
        <div
          className="product-card-count"
        >
          <svg
            height={20}
            width={20}
          >
            <a
              data-testid="product-card-decrement-8"
              onClick={[Function]}
            >
              <polygon
                className="decrement-btn"
                points="3,10 20,0 20,20"
              />
            </a>
          </svg>
          <input
            data-testid="product-card-input-8"
            maxLength={3}
            onChange={[Function]}
            onKeyDown={[Function]}
            type="number"
            value={0}
          />
          <svg
            height={20}
            width={20}
          >
            <a
              data-testid="product-card-increment-8"
              onClick={[Function]}
            >
              <polygon
                className="increment-btn"
                points="17,10 0,20 0,0"
              />
            </a>
          </svg>
        </div>
      </div>
    </div>
    <div
      className="product-card"
    >
      <img
        alt=""
        src="toaster-9.jpg"
      />
      <div
        className="product-card-infobar"
      >
        <p
          className="product-card-name"
        >
          Multi-Toast 5
        </p>
        <p
          className="product-card-cost"
        >
          $85.00
        </p>
        <div
          className="product-card-count"
        >
          <svg
            height={20}
            width={20}
          >
            <a
              data-testid="product-card-decrement-9"
              onClick={[Function]}
            >
              <polygon
                className="decrement-btn"
                points="3,10 20,0 20,20"
              />
            </a>
          </svg>
          <input
            data-testid="product-card-input-9"
            maxLength={3}
            onChange={[Function]}
            onKeyDown={[Function]}
            type="number"
            value={0}
          />
          <svg
            height={20}
            width={20}
          >
            <a
              data-testid="product-card-increment-9"
              onClick={[Function]}
            >
              <polygon
                className="increment-btn"
                points="17,10 0,20 0,0"
              />
            </a>
          </svg>
        </div>
      </div>
    </div>
  </div>
  <div
    id="shopping-cart"
  >
    <h2
      id="cart-heading"
    >
      CART
    </h2>
    <div
      id="item-cont"
    />
    <div
      className="no-total"
      id="cart-total"
    >
      TOTAL: $
    </div>
    <button
      id="checkout-btn"
    >
      CHECKOUT
    </button>
  </div>
</div>
`;
